nohup: ignoring input
WARN  Module "reusex" is not compatible with this Hugo version: Min 0.146.0; run "hugo mod graph" for more information.
Watching for changes in /home/runner/work/reusex-page/reusex-page/{archetypes,content,layouts,static,themes}
Watching for config changes in /home/runner/work/reusex-page/reusex-page/hugo.toml, /home/runner/work/reusex-page/reusex-page/themes/reusex/hugo.toml
Start building sites … 
hugo v0.139.3-2f6864387cd31b975914e8373d4bf38bddbd47bc+extended linux/amd64 BuildDate=2024-11-29T15:36:56Z VendorInfo=gohugoio

WARN  found no layout file for "html" for kind "page": You should create a template file which matches Hugo Layouts Lookup Rules for this combination.
WARN  found no layout file for "html" for kind "taxonomy": You should create a template file which matches Hugo Layouts Lookup Rules for this combination.
WARN  found no layout file for "html" for kind "section": You should create a template file which matches Hugo Layouts Lookup Rules for this combination.

                   | EN  
-------------------+-----
  Pages            |  9  
  Paginator pages  |  0  
  Non-page files   |  0  
  Static files     | 14  
  Processed images |  0  
  Aliases          |  0  
  Cleaned          |  0  

Built in 20 ms
Environment: "development"
Serving pages from memory
Running in Fast Render Mode. For full rebuilds on change: hugo server --disableFastRender
Web Server is available at http://localhost:1313/reusex-page/ (bind address 0.0.0.0) 
Press Ctrl+C to stop
